[debug] [2026-02-23T08:40:46.517Z] ----------------------------------------------------------------------
[debug] [2026-02-23T08:40:46.520Z] Command:       /usr/local/bin/node /usr/local/bin/firebase deploy --only functions
[debug] [2026-02-23T08:40:46.521Z] CLI Version:   15.2.1
[debug] [2026-02-23T08:40:46.521Z] Platform:      darwin
[debug] [2026-02-23T08:40:46.521Z] Node Version:  v22.12.0
[debug] [2026-02-23T08:40:46.521Z] Time:          Mon Feb 23 2026 03:40:46 GMT-0500 (Eastern Standard Time)
[debug] [2026-02-23T08:40:46.521Z] ----------------------------------------------------------------------
[debug] 
[debug] [2026-02-23T08:40:48.032Z] > command requires scopes: ["email","openid","https://www.googleapis.com/auth/cloudplatformprojects.readonly","https://www.googleapis.com/auth/firebase","https://www.googleapis.com/auth/cloud-platform"]
[debug] [2026-02-23T08:40:48.033Z] > authorizing via signed-in user (vigameqinnovations@gmail.com)
[debug] [2026-02-23T08:40:48.033Z] [iam] checking project tierai-smart for permissions ["cloudfunctions.functions.create","cloudfunctions.functions.delete","cloudfunctions.functions.get","cloudfunctions.functions.list","cloudfunctions.functions.update","cloudfunctions.operations.get","firebase.projects.get"]
[debug] [2026-02-23T08:40:48.034Z] Checked if tokens are valid: false, expires at: 1771836920820
[debug] [2026-02-23T08:40:48.034Z] Checked if tokens are valid: false, expires at: 1771836920820
[debug] [2026-02-23T08:40:48.034Z] > refreshing access token with scopes: []
[debug] [2026-02-23T08:40:48.036Z] >>> [apiv2][query] POST https://www.googleapis.com/oauth2/v3/token [none]
[debug] [2026-02-23T08:40:48.036Z] >>> [apiv2][body] POST https://www.googleapis.com/oauth2/v3/token [omitted]
[debug] [2026-02-23T08:40:48.274Z] <<< [apiv2][status] POST https://www.googleapis.com/oauth2/v3/token 200
[debug] [2026-02-23T08:40:48.274Z] <<< [apiv2][body] POST https://www.googleapis.com/oauth2/v3/token [omitted]
[debug] [2026-02-23T08:40:48.318Z] >>> [apiv2][query] POST https://cloudresourcemanager.googleapis.com/v1/projects/tierai-smart:testIamPermissions [none]
[debug] [2026-02-23T08:40:48.318Z] >>> [apiv2][(partial)header] POST https://cloudresourcemanager.googleapis.com/v1/projects/tierai-smart:testIamPermissions x-goog-quota-user=projects/tierai-smart
[debug] [2026-02-23T08:40:48.318Z] >>> [apiv2][body] POST https://cloudresourcemanager.googleapis.com/v1/projects/tierai-smart:testIamPermissions {"permissions":["cloudfunctions.functions.create","cloudfunctions.functions.delete","cloudfunctions.functions.get","cloudfunctions.functions.list","cloudfunctions.functions.update","cloudfunctions.operations.get","firebase.projects.get"]}
